
 RUN  v4.1.7 /home/precieux/excellence team/essaie/Fieri

 ❯ src/pages/ResearcherProfileEdit.test.jsx (3 tests | 2 failed) 2283ms
     ✓ pré-remplit le formulaire via GET /researchers/me 201ms
     × bloque la soumission si l'email est invalide 1043ms
     × soumet via PUT /researchers/me et affiche un toast de succès 1034ms

⎯⎯⎯⎯⎯⎯⎯ Failed Tests 2 ⎯⎯⎯⎯⎯⎯⎯

 FAIL  src/pages/ResearcherProfileEdit.test.jsx > ResearcherProfileEdit > bloque la soumission si l'email est invalide
AssertionError: expected "vi.fn()" to be called 1 times, but got 193 times

Ignored nodes: comments, script, style
[36m<html>[39m
  [36m<head />[39m
  [36m<body>[39m
    [36m<div>[39m
      [36m<div[39m
        [33mclass[39m=[32m"max-w-5xl mx-auto px-6 lg:px-12 py-10"[39m
      [36m>[39m
        [36m<div[39m
          [33mclass[39m=[32m"flex items-center justify-between gap-4 mb-6"[39m
        [36m>[39m
          [36m<button[39m
            [33mclass[39m=[32m"inline-flex items-center gap-2 px-4 py-2 rounded-lg border border-border-subtle bg-bg-secondary hover:bg-white/5 transition"[39m
            [33mtype[39m=[32m"button"[39m
          [36m>[39m
            [36m<svg[39m
              [33maria-hidden[39m=[32m"true"[39m
              [33mclass[39m=[32m"lucide lucide-arrow-left w-4 h-4"[39m
              [33mfill[39m=[32m"none"[39m
              [33mheight[39m=[32m"24"[39m
              [33mstroke[39m=[32m"currentColor"[39m
              [33mstroke-linecap[39m=[32m"round"[39m
              [33mstroke-linejoin[39m=[32m"round"[39m
              [33mstroke-width[39m=[32m"2"[39m
              [33mviewBox[39m=[32m"0 0 24 24"[39m
              [33mwidth[39m=[32m"24"[39m
              [33mxmlns[39m=[32m"http://www.w3.org/2000/svg"[39m
            [36m>[39m
              [36m<path[39m
                [33md[39m=[32m"m12 19-7-7 7-7"[39m
              [36m/>[39m
              [36m<path[39m
                [33md[39m=[32m"M19 12H5"[39m
              [36m/>[39m
            [36m</svg>[39m
            [36m<span[39m
              [33mclass[39m=[32m"font-bold"[39m
            [36m>[39m
              [0mRetour[0m
            [36m</span>[39m
          [36m</button>[39m
          [36m<h1[39m
            [33mclass[39m=[32m"text-xl md:text-2xl font-extrabold"[39m
          [36m>[39m
            [0mModifier mon profil[0m
          [36m</h1>[39m
          [36m<div[39m
            [33mclass[39m=[32m"w-24"[39m
          [36m/>[39m
        [36m</div>[39m
        [36m<div[39m
          [33mclass[39m=[32m"bg-bg-secondary border border-border-subtle rounded-xl p-6"[39m
        [36m>[39m
          [36m<form[39m
            [33mclass[39m=[32m"space-y-5"[39m
            [33mnovalidate[39m=[32m""[39m
          [36m>[39m
            [36m<div[39m
              [33mclass[39m=[32m"grid grid-cols-1 md:grid-cols-2 gap-4"[39m
            [36m>[39m
              [36m<div[39m
                [33mclass[39m=[32m"space-y-2"[39m
              [36m>[39m
                [36m<label[39m
                  [33mclass[39m=[32m"text-sm font-bold"[39m
                  [33mfor[39m=[32m"rpe-name"[39m
                [36m>[39m
                  [0mNom complet[0m
                [36m</label>[39m
                [36m<input[39m
                  [33mautocomplete[39m=[32m"name"[39m
                  [33mclass[39m=[32m"w-full px-4 py-3 rounded-lg bg-bg-primary border border-border-subtle"[39m
                  [33mid[39m=[32m"rpe-name"[39m
                  [33mplaceholder[39m=[32m"Votre nom"[39m
                  [33mtype[39m=[32m"text"[39m
                  [33mvalue[39m=[32m"Chercheur FIERI"[39m
                [36m/>[39m
              [36m</div>[39m
              [36m<div[39m
                [33mclass[39m=[32m"space-y-2"[39m
              [36m>[39m
                [36m<label[39m
                  [33mclass[39m=[32m"text-sm font-bold"[39m
                  [33mfor[39m=[32m"rpe-email"[39m
                [36m>[39m
                  [0mEmail[0m
                [36m</label>[39m
                [36m<input[39m
                  [33maria-invalid[39m=[32m"false"[39m
                  [33mautocomplete[39m=[32m"email"[39m
                  [33mclass[39m=[32m"w-full px-4 py-3 rounded-lg bg-bg-primary border border-border-subtle"[39m
                  [33mid[39m=[32m"rpe-email"[39m
                  [33mplaceholder[39m=[32m"vous@exemple.com"[39m
                  [33mrequired[39m=[32m""[39m
                  [33mtype[39m=[32m"email"[39m
                  [33mvalue[39m=[32m"chercheur@fieri.dev"[39m
                [36m/>[39m
              [36m</div>[39m
              [36m<div[39m
                [33mclass[39m=[32m"space-y-2"[39m
              [36m>[39m
                [36m<label[39m
                  [33mclass[39m=[32m"text-sm font-bold"[39m
                  [33mfor[39m=[32m"rpe-university"[39m
                [36m>[39m
                  [0mUniversité[0m
                [36m</label>[39m
                [36m<input[39m
                  [33mautocomplete[39m=[32m"organization"[39m
                  [33mclass[39m=[32m"w-full px-4 py-3 rounded-lg bg-bg-primary border border-border-subtle"[39m
                  [33mid[39m=[32m"rpe-university"[39m
                  [33mplaceholder[39m=[32m"Votre établissement"[39m
                  [33mtype[39m=[32m"text"[39m
                  [33mvalue[39m=[32m"Université Polytechnique de Fieri"[39m
                [36m/>[39m
              [36m</div>[39m
              [36m<div[39m
                [33mclass[39m=[32m"space-y-2"[39m
              [36m>[39m
                [36m<label[39m
                  [33mclass[39m=[32m"text-sm font-bold"[39m
                  [33mfor[39m=[32m"rpe-role"[39m
                [36m>[39m
                  [0mRôle[0m
                [36m</label>[39m
                [36m<input[39m
                  [33mclass[39m=[32m"w-full px-4 py-3 rounded-lg bg-bg-primary border border-border-subtle"[39m
                  [33mid[39m=[32m"rpe-role"[39m
                  [33mplaceholder[39m=[32m"Votre rôle"[39m
                  [33mtype[39m=[32m"text"[39m
                  [33mvalue[39m=[32m"CHERCHEUR"[39m
                [36m/>[39m
              [36m</div>[39m
            [36m</div>[39m
            [36m<div[39m
              [33mclass[39m=[32m"space-y-2"[39m
            [36m>[39m
              [36m<label[39m
                [33mclass[39m=[32m"text-sm font-bold"[39m
                [33mfor[39m=[32m"rpe-specialties"[39m
              [36m>[39m
                [0mSpécialités (séparées par des virgules)[0m
              [36m</label>[39m
              [36m<input[39m
                [33mclass[39m=[32m"w-full px-4 py-3 rounded-lg bg-bg-primary border border-border-subtle"[39m
                [33mid[39m=[32m"rpe-specialties"[39m
                [33mplaceholder[39m=[32m"Robotique, IoT, Vision…"[39m
                [33mtype[39m=[32m"text"[39m
                [33mvalue[39m=[32m""[39m
              [36m/>[39m
            [36m</div>[39m
            [36m<div[39m
              [33mclass[39m=[32m"space-y-2"[39m
            [36m>[39m
              [36m<label[39m
                [33mclass[39m=[32m"text-sm font-bold"[39m
                [33mfor[39m=[32m"rpe-bio"[39m
              [36m...
 ❯ src/pages/ResearcherProfileEdit.test.jsx:81:39
     79|     render(<ResearcherProfileEdit navigate={mockNavigate} />)
     80|
     81|     await waitFor(() => expect(getMe).toHaveBeenCalledTimes(1))
       |                                       ^
     82|
     83|     const emailInput = screen.getByLabelText(/email/i)
 ❯ runWithExpensiveErrorDiagnosticsDisabled node_modules/@testing-library/dom/dist/config.js:47:12
 ❯ checkCallback node_modules/@testing-library/dom/dist/wait-for.js:124:77
 ❯ MutationObserver.checkRealTimersCallback node_modules/@testing-library/dom/dist/wait-for.js:118:16
 ❯ MutationObserver.invokeTheCallbackFunction node_modules/jsdom/lib/generated/idl/MutationCallback.js:19:26
 ❯ notifyMutationObservers node_modules/jsdom/lib/jsdom/living/helpers/mutation-observers.js:160:22
 ❯ node_modules/jsdom/lib/jsdom/living/helpers/mutation-observers.js:133:5

⎯⎯⎯⎯⎯⎯⎯⎯⎯⎯⎯⎯⎯⎯⎯⎯⎯⎯⎯⎯⎯⎯⎯⎯[1/2]⎯

 FAIL  src/pages/ResearcherProfileEdit.test.jsx > ResearcherProfileEdit > soumet via PUT /researchers/me et affiche un toast de succès
AssertionError: expected "vi.fn()" to be called 1 times, but got 255 times

Ignored nodes: comments, script, style
[36m<html>[39m
  [36m<head />[39m
  [36m<body>[39m
    [36m<div>[39m
      [36m<div[39m
        [33mclass[39m=[32m"max-w-5xl mx-auto px-6 lg:px-12 py-10"[39m
      [36m>[39m
        [36m<div[39m
          [33mclass[39m=[32m"flex items-center justify-between gap-4 mb-6"[39m
        [36m>[39m
          [36m<button[39m
            [33mclass[39m=[32m"inline-flex items-center gap-2 px-4 py-2 rounded-lg border border-border-subtle bg-bg-secondary hover:bg-white/5 transition"[39m
            [33mtype[39m=[32m"button"[39m
          [36m>[39m
            [36m<svg[39m
              [33maria-hidden[39m=[32m"true"[39m
              [33mclass[39m=[32m"lucide lucide-arrow-left w-4 h-4"[39m
              [33mfill[39m=[32m"none"[39m
              [33mheight[39m=[32m"24"[39m
              [33mstroke[39m=[32m"currentColor"[39m
              [33mstroke-linecap[39m=[32m"round"[39m
              [33mstroke-linejoin[39m=[32m"round"[39m
              [33mstroke-width[39m=[32m"2"[39m
              [33mviewBox[39m=[32m"0 0 24 24"[39m
              [33mwidth[39m=[32m"24"[39m
              [33mxmlns[39m=[32m"http://www.w3.org/2000/svg"[39m
            [36m>[39m
              [36m<path[39m
                [33md[39m=[32m"m12 19-7-7 7-7"[39m
              [36m/>[39m
              [36m<path[39m
                [33md[39m=[32m"M19 12H5"[39m
              [36m/>[39m
            [36m</svg>[39m
            [36m<span[39m
              [33mclass[39m=[32m"font-bold"[39m
            [36m>[39m
              [0mRetour[0m
            [36m</span>[39m
          [36m</button>[39m
          [36m<h1[39m
            [33mclass[39m=[32m"text-xl md:text-2xl font-extrabold"[39m
          [36m>[39m
            [0mModifier mon profil[0m
          [36m</h1>[39m
          [36m<div[39m
            [33mclass[39m=[32m"w-24"[39m
          [36m/>[39m
        [36m</div>[39m
        [36m<div[39m
          [33mclass[39m=[32m"bg-bg-secondary border border-border-subtle rounded-xl p-6"[39m
        [36m>[39m
          [36m<form[39m
            [33mclass[39m=[32m"space-y-5"[39m
            [33mnovalidate[39m=[32m""[39m
          [36m>[39m
            [36m<div[39m
              [33mclass[39m=[32m"grid grid-cols-1 md:grid-cols-2 gap-4"[39m
            [36m>[39m
              [36m<div[39m
                [33mclass[39m=[32m"space-y-2"[39m
              [36m>[39m
                [36m<label[39m
                  [33mclass[39m=[32m"text-sm font-bold"[39m
                  [33mfor[39m=[32m"rpe-name"[39m
                [36m>[39m
                  [0mNom complet[0m
                [36m</label>[39m
                [36m<input[39m
                  [33mautocomplete[39m=[32m"name"[39m
                  [33mclass[39m=[32m"w-full px-4 py-3 rounded-lg bg-bg-primary border border-border-subtle"[39m
                  [33mid[39m=[32m"rpe-name"[39m
                  [33mplaceholder[39m=[32m"Votre nom"[39m
                  [33mtype[39m=[32m"text"[39m
                  [33mvalue[39m=[32m"Chercheur FIERI"[39m
                [36m/>[39m
              [36m</div>[39m
              [36m<div[39m
                [33mclass[39m=[32m"space-y-2"[39m
              [36m>[39m
                [36m<label[39m
                  [33mclass[39m=[32m"text-sm font-bold"[39m
                  [33mfor[39m=[32m"rpe-email"[39m
                [36m>[39m
                  [0mEmail[0m
                [36m</label>[39m
                [36m<input[39m
                  [33maria-invalid[39m=[32m"false"[39m
                  [33mautocomplete[39m=[32m"email"[39m
                  [33mclass[39m=[32m"w-full px-4 py-3 rounded-lg bg-bg-primary border border-border-subtle"[39m
                  [33mid[39m=[32m"rpe-email"[39m
                  [33mplaceholder[39m=[32m"vous@exemple.com"[39m
                  [33mrequired[39m=[32m""[39m
                  [33mtype[39m=[32m"email"[39m
                  [33mvalue[39m=[32m"chercheur@fieri.dev"[39m
                [36m/>[39m
              [36m</div>[39m
              [36m<div[39m
                [33mclass[39m=[32m"space-y-2"[39m
              [36m>[39m
                [36m<label[39m
                  [33mclass[39m=[32m"text-sm font-bold"[39m
                  [33mfor[39m=[32m"rpe-university"[39m
                [36m>[39m
                  [0mUniversité[0m
                [36m</label>[39m
                [36m<input[39m
                  [33mautocomplete[39m=[32m"organization"[39m
                  [33mclass[39m=[32m"w-full px-4 py-3 rounded-lg bg-bg-primary border border-border-subtle"[39m
                  [33mid[39m=[32m"rpe-university"[39m
                  [33mplaceholder[39m=[32m"Votre établissement"[39m
                  [33mtype[39m=[32m"text"[39m
                  [33mvalue[39m=[32m"Université Polytechnique de Fieri"[39m
                [36m/>[39m
              [36m</div>[39m
              [36m<div[39m
                [33mclass[39m=[32m"space-y-2"[39m
              [36m>[39m
                [36m<label[39m
                  [33mclass[39m=[32m"text-sm font-bold"[39m
                  [33mfor[39m=[32m"rpe-role"[39m
                [36m>[39m
                  [0mRôle[0m
                [36m</label>[39m
                [36m<input[39m
                  [33mclass[39m=[32m"w-full px-4 py-3 rounded-lg bg-bg-primary border border-border-subtle"[39m
                  [33mid[39m=[32m"rpe-role"[39m
                  [33mplaceholder[39m=[32m"Votre rôle"[39m
                  [33mtype[39m=[32m"text"[39m
                  [33mvalue[39m=[32m"CHERCHEUR"[39m
                [36m/>[39m
              [36m</div>[39m
            [36m</div>[39m
            [36m<div[39m
              [33mclass[39m=[32m"space-y-2"[39m
            [36m>[39m
              [36m<label[39m
                [33mclass[39m=[32m"text-sm font-bold"[39m
                [33mfor[39m=[32m"rpe-specialties"[39m
              [36m>[39m
                [0mSpécialités (séparées par des virgules)[0m
              [36m</label>[39m
              [36m<input[39m
                [33mclass[39m=[32m"w-full px-4 py-3 rounded-lg bg-bg-primary border border-border-subtle"[39m
                [33mid[39m=[32m"rpe-specialties"[39m
                [33mplaceholder[39m=[32m"Robotique, IoT, Vision…"[39m
                [33mtype[39m=[32m"text"[39m
                [33mvalue[39m=[32m""[39m
              [36m/>[39m
            [36m</div>[39m
            [36m<div[39m
              [33mclass[39m=[32m"space-y-2"[39m
            [36m>[39m
              [36m<label[39m
                [33mclass[39m=[32m"text-sm font-bold"[39m
                [33mfor[39m=[32m"rpe-bio"[39m
              [36m...
 ❯ src/pages/ResearcherProfileEdit.test.jsx:114:39
    112|     render(<ResearcherProfileEdit navigate={mockNavigate} />)
    113|
    114|     await waitFor(() => expect(getMe).toHaveBeenCalledTimes(1))
       |                                       ^
    115|
    116|     await userEvent.type(screen.getByLabelText(/bio/i), 'Nouvelle bio')
 ❯ runWithExpensiveErrorDiagnosticsDisabled node_modules/@testing-library/dom/dist/config.js:47:12
 ❯ checkCallback node_modules/@testing-library/dom/dist/wait-for.js:124:77
 ❯ MutationObserver.checkRealTimersCallback node_modules/@testing-library/dom/dist/wait-for.js:118:16
 ❯ MutationObserver.invokeTheCallbackFunction node_modules/jsdom/lib/generated/idl/MutationCallback.js:19:26
 ❯ notifyMutationObservers node_modules/jsdom/lib/jsdom/living/helpers/mutation-observers.js:160:22
 ❯ node_modules/jsdom/lib/jsdom/living/helpers/mutation-observers.js:133:5

⎯⎯⎯⎯⎯⎯⎯⎯⎯⎯⎯⎯⎯⎯⎯⎯⎯⎯⎯⎯⎯⎯⎯⎯[2/2]⎯


 Test Files  1 failed (1)
      Tests  2 failed | 1 passed (3)
   Start at  14:43:16
   Duration  6.58s (transform 1.46s, setup 0ms, import 2.54s, tests 2.28s, environment 1.32s)

